name,anti-Shine-Dalgarno,sequence,start_codon,start_position,expression,RBS_distance_bp,dG_total,dG_rRNA:mRNA,dG_mRNA,dG_spacing,dG_standby,dG_start_codon
first_sequence,ACCTCCTTA,TTCTAGActttaatttaacgtaaataaggaagtcattATGGCGAGCTCTGAAGACGTTATCAAAGAGTTCATGCGTTTCAAAGTTCGTATGGA,ATG,38,635.2563,4,2.0287,-8.381,-11.6,0.0037,0.0,-1.194
first_sequence,ACCTCCTTA,TTCTAGActttaatttaacgtaaataaggaagtcattATGGCGAGCTCTGAAGACGTTATCAAAGAGTTCATGCGTTTCAAAGTTCGTATGGA,ATG,71,0.0557,1,25.3716,-4.381,-13.8,17.1466,0.0,-1.194
first_sequence,ACCTCCTTA,TTCTAGActttaatttaacgtaaataaggaagtcattATGGCGAGCTCTGAAGACGTTATCAAAGAGTTCATGCGTTTCAAAGTTCGTATGGA,ATG,89,224.4036,4,4.6287,-0.681,-6.5,0.0037,0.0,-1.194
second_sequence,TCTGAAGAC,TTCTAGActttaatttaacgtaaataaggaagtcattATGGCGAGCTCTGAAGACGTTATCAAAGAGTTCATGCGTTTCAAAGTTCGTATGGA,ATG,38,34.1946,7,9.3295,-1.881,-11.6,0.8045,0.0,-1.194
second_sequence,TCTGAAGAC,TTCTAGActttaatttaacgtaaataaggaagtcattATGGCGAGCTCTGAAGACGTTATCAAAGAGTTCATGCGTTTCAAAGTTCGTATGGA,ATG,71,39.5927,6,8.9633,-3.981,-13.8,0.3383,0.0,-1.194
second_sequence,TCTGAAGAC,TTCTAGActttaatttaacgtaaataaggaagtcattATGGCGAGCTCTGAAGACGTTATCAAAGAGTTCATGCGTTTCAAAGTTCGTATGGA,ATG,89,454.8696,6,2.8633,-3.381,-6.5,0.3383,-0.6,-1.194
sequence_3,CCCCCCCCC,TTCTAGActttaatttaacgtaaataaggaagtcattATGGCGAGCTCTGAAGACGTTATCAAAGAGTTCATGCGTTTCAAAGTTCGTATGGA,ATG,38,43.5548,5,8.725,-1.681,-11.6,0.0,0.0,-1.194
sequence_3,CCCCCCCCC,TTCTAGActttaatttaacgtaaataaggaagtcattATGGCGAGCTCTGAAGACGTTATCAAAGAGTTCATGCGTTTCAAAGTTCGTATGGA,ATG,71,0.0017,22,34.0745,-1.681,-13.8,23.1495,0.0,-1.194
