name,sequence,start_codon,start_position,expression,RBS_distance_bp,dG_total,dG_rRNA:mRNA,dG_mRNA,dG_spacing,dG_standby,dG_start_codon
seq1_set1,TTCTAGAAAAAAAATAAGGAGGTATGGCGAGCTCTGAAGACGTTATCAAAGAGTTCATGCGTTTCAAAGTTCGTATGGAA,ATG,24,53.8429,0,8.1952,-15.981,-8.2,17.1702,0.0,-1.194
seq2_set1,TTCTAGAAAAAAAATAAGGAGGTAATGGCGAGCTCTGAAGACGTTATCAAAGAGTTCATGCGTTTCAAAGTTCGTATGGA,ATG,25,54.3524,1,8.1716,-15.981,-8.2,17.1466,0.0,-1.194
seq3_set1,TTCTAGAAAAAAAATAAGGAGGTAAATGGCGAGCTCTGAAGACGTTATCAAAGAGTTCATGCGTTTCAAAGTTCGTATGG,ATG,26,72.8972,2,7.4381,-15.981,-8.2,16.4131,0.0,-1.194
seq4_set1,TTCTAGAAAAAAAATAAGGAGGTAAAATGGCGAGCTCTGAAGACGTTATCAAAGAGTTCATGCGTTTCAAAGTTCGTATG,ATG,27,6421.0713,3,-3.7513,-15.981,-8.2,5.2237,0.0,-1.194
seq5_set1,TTCTAGAAAAAAAATAAGGAGGTAAAAATGGCGAGCTCTGAAGACGTTATCAAAGAGTTCATGCGTTTCAAAGTTCGTAT,ATG,28,51869.8267,4,-8.9713,-15.981,-8.2,0.0037,0.0,-1.194
seq6_set1,TTCTAGAAAAAAAATAAGGAGGTAAAAAATGGCGAGCTCTGAAGACGTTATCAAAGAGTTCATGCGTTTCAAAGTTCGTA,ATG,29,51947.2908,5,-8.975,-15.981,-8.2,0.0,0.0,-1.194
seq7_set1,TTCTAGAAAAAAAATAAGGAGGTAAAAAAATGGCGAGCTCTGAAGACGTTATCAAAGAGTTCATGCGTTTCAAAGTTCGT,ATG,30,45369.1049,6,-8.6367,-15.981,-8.2,0.3383,0.0,-1.194
seq8_set1,TTCTAGAAAAAAAATAAGGAGGTAAAAAAAATGGCGAGCTCTGAAGACGTTATCAAAGAGTTCATGCGTTTCAAAGTTCG,ATG,31,37646.2364,7,-8.1705,-15.981,-8.2,0.8045,0.0,-1.194
seq9_set1,TTCTAGAAAAAAAATAAGGAGGTAAAAAAAAATGGCGAGCTCTGAAGACGTTATCAAAGAGTTCATGCGTTTCAAAGTTC,ATG,32,29678.8429,8,-7.5763,-15.981,-8.2,1.3987,0.0,-1.194
seq10_set1,TTCTAGAAAAAAAATAAGGAGGTAAAAAAAAAATGGCGAGCTCTGAAGACGTTATCAAAGAGTTCATGCGTTTCAAAGTT,ATG,33,22229.8437,9,-6.8542,-15.981,-8.2,2.1208,0.0,-1.194
seq11_set1,TTCTAGAAAAAAAATAAGGAGGTAAAAAAAAAAATGGCGAGCTCTGAAGACGTTATCAAAGAGTTCATGCGTTTCAAAGT,ATG,34,15819.3961,10,-6.0042,-15.981,-8.2,2.9708,0.0,-1.194
seq12_set1,TTCTAGAAAAAAAATAAGGAGGTAAAAAAAAAAAAATGGCGAGCTCTGAAGACGTTATCAAAGAGTTCATGCGTTTCAAA,ATG,36,6870.5107,12,-3.9204,-15.981,-8.2,5.0546,0.0,-1.194
seq13_set1,TTCTAGAAAAAAAATAAGGAGGTAAAAAAAAAAAAAAAATGGCGAGCTCTGAAGACGTTATCAAAGAGTTCATGCGTTTC,ATG,39,1636.1593,15,-0.3351,-14.981,-6.7,9.1399,0.0,-1.194
seq14_set2,TTCTAGAGAAAGACAGGACCCACTAGTATGGCGAGCTCTGAAGACGTTATCAAAGAGTTCATGCGTTTCAAAGTTCGTATGGA,ATG,28,735.3007,6,1.6633,-6.481,-9.0,0.3383,0.0,-1.194
seq15_set2,TTCTAGAGAAAGAAGGGACAGACTAGTATGGCGAGCTCTGAAGACGTTATCAAAGAGTTCATGCGTTTCAAAGTTCGTATGGA,ATG,28,1097.1854,6,0.6633,-7.481,-9.0,0.3383,0.0,-1.194
seq16_set2,TTCTAGAGAAAGAAGAGACTCACTAGTATGGCGAGCTCTGAAGACGTTATCAAAGAGTTCATGCGTTTCAAAGTTCGTATGGA,ATG,28,216.0337,8,4.7237,-5.481,-9.9,1.3987,-0.1,-1.194
seq17_set2,TTCTAGAGAAAGAAGGGATACACTAGTATGGCGAGCTCTGAAGACGTTATCAAAGAGTTCATGCGTTTCAAAGTTCGTATGGA,ATG,28,706.4533,6,1.7633,-7.581,-10.2,0.3383,0.0,-1.194
seq18_set2,TTCTAGAGAAAGACGCGAGAAACTAGTATGGCGAGCTCTGAAGACGTTATCAAAGAGTTCATGCGTTTCAAAGTTCGTATGGA,ATG,28,578.3303,6,2.2633,-5.481,-8.6,0.3383,0.0,-1.194
seq19_set2,TTCTAGAGAAAGAAACGACATACTAGTATGGCGAGCTCTGAAGACGTTATCAAAGAGTTCATGCGTTTCAAAGTTCGTATGGA,ATG,28,99.4007,6,6.6633,-2.881,-9.6,0.3383,-0.8,-1.194
seq20_set2,TTCTAGAaaatgtcaattttgctactggccttacaatATGGCGAGCTCTGAAGACGTTATCAAAGAGTTCATGCGTTTCAAAGTTCGTATGGA,ATG,38,67.6445,5,7.625,-2.881,-10.5,0.0,-1.2,-1.194
seq21_set2,TTCTAGAaacttccgttaatcagttataaggtggattATGGCGAGCTCTGAAGACGTTATCAAAGAGTTCATGCGTTTCAAAGTTCGTATGGA,ATG,38,335.3459,5,3.625,-4.981,-9.8,0.0,0.0,-1.194
seq22_set2,TTCTAGActttaatttaacgtaaataaggaagtcattATGGCGAGCTCTGAAGACGTTATCAAAGAGTTCATGCGTTTCAAAGTTCGTATGGA,ATG,38,635.2563,4,2.0287,-8.381,-11.6,0.0037,0.0,-1.194
seq23_set2,TTCTAGAattaaagAGGAgaaatagcATGGCGAGCTCTGAAGACGTTATCAAAGAGTTCATGCGTTTCAAAGTTCGTATGGA,ATG,27,7607.6505,5,-4.175,-11.581,-8.6,0.0,0.0,-1.194
seq24_set2,TTCTAGAattaaagAGGAgatagcATGGCGAGCTCTGAAGACGTTATCAAAGAGTTCATGCGTTTCAAAGTTCGTATGGA,ATG,25,1773.61,6,-0.5367,-8.281,-8.6,0.3383,0.0,-1.194
seq25_set2,TTCTAGAattaaagAGGAgaaattattagcATGGCGAGCTCTGAAGACGTTATCAAAGAGTTCATGCGTTTCAAAGTTCGTATGGA,ATG,31,3255.5477,9,-2.0542,-11.581,-8.6,2.1208,0.0,-1.194
seq26_set2,TTCTAGAattaaagAGGAgaaattataatagcATGGCGAGCTCTGAAGACGTTATCAAAGAGTTCATGCGTTTCAAAGTTCGTATGGA,ATG,33,1566.3726,11,-0.2262,-11.581,-8.6,3.9488,0.0,-1.194
seq27_set2,TTCTAGAattaaTAAGGAGGaattaagcATGGCGAGCTCTGAAGACGTTATCAAAGAGTTCATGCGTTTCAAAGTTCGTATGGA,ATG,29,12776.7639,7,-5.4705,-14.681,-9.6,0.8045,0.0,-1.194
seq28_set2,TTCTAGAattaaTAAGGAGGaatagcATGGCGAGCTCTGAAGACGTTATCAAAGAGTTCATGCGTTTCAAAGTTCGTATGGA,ATG,27,30874.74,5,-7.675,-14.681,-8.2,0.0,0.0,-1.194
seq29_set2,TTCTAGAattaaTAAGGAGGaattattagcATGGCGAGCTCTGAAGACGTTATCAAAGAGTTCATGCGTTTCAAAGTTCGTATGGA,ATG,31,5933.9881,9,-3.5542,-14.681,-10.2,2.1208,0.0,-1.194
seq30_set2,TTCTAGAattaaTGAGGAAAaattaagcATGGCGAGCTCTGAAGACGTTATCAAAGAGTTCATGCGTTTCAAAGTTCGTATGGA,ATG,29,807.4151,7,1.4295,-8.781,-10.6,0.8045,0.0,-1.194
seq31_set2,TTCTAGAattaaATAGGACAaattaagcATGGCGAGCTCTGAAGACGTTATCAAAGAGTTCATGCGTTTCAAAGTTCGTATGGA,ATG,29,377.4403,7,3.3295,-6.381,-10.1,0.8045,0.0,-1.194
seq32_set2,TTCTAGAattaaTTAGGAGCaattaagcATGGCGAGCTCTGAAGACGTTATCAAAGAGTTCATGCGTTTCAAAGTTCGTATGGA,ATG,29,840.3852,7,1.3295,-8.981,-10.7,0.8045,0.0,-1.194
seq33_set2,TTCTAGAattaaGGAGGATAaattaagcATGGCGAGCTCTGAAGACGTTATCAAAGAGTTCATGCGTTTCAAAGTTCGTATGGA,ATG,29,7697.0228,10,-4.2042,-14.581,-8.6,2.9708,0.0,-1.194
seq34_set2,TTCTAGAattaaGAAGGACTaattaagcATGGCGAGCTCTGAAGACGTTATCAAAGAGTTCATGCGTTTCAAAGTTCGTATGGA,ATG,29,1358.4901,7,0.1295,-7.881,-8.4,0.8045,0.0,-1.194
seq35_set2,TTCTAGAattaaTGAGGATAaattaagcATGGCGAGCTCTGAAGACGTTATCAAAGAGTTCATGCGTTTCAAAGTTCGTATGGA,ATG,29,745.3047,7,1.6295,-8.581,-10.6,0.8045,0.0,-1.194
seq36_set2,TTCTAGAattaaTCAGGATCaattaagcATGGCGAGCTCTGAAGACGTTATCAAAGAGTTCATGCGTTTCAAAGTTCGTATGGA,ATG,29,563.2009,7,2.3295,-6.581,-9.3,0.8045,0.0,-1.194
seq37_set2,TTCTAGAattaaACAGGATAataagcATGGCGAGCTCTGAAGACGTTATCAAAGAGTTCATGCGTTTCAAAGTTCGTATGGA,ATG,27,1206.9832,5,0.425,-6.581,-8.2,0.0,0.0,-1.194
seq38_set2,TTCTAGAattaaagaggagaaattaagcATGGCGAGCTCTGAAGACGTTATCAAAGAGTTCATGCGTTTCAAAGTTCGTATGGA,ATG,29,5513.2694,7,-3.3705,-11.581,-8.6,0.8045,0.0,-1.194
seq39_set2,TTCTAGAtcacacaggaaaccggttcgATGGCGAGCTCTGAAGACGTTATCAAAGAGTTCATGCGTTTCAAAGTTCGTATGGA,ATG,28,660.9815,7,1.9295,-7.281,-9.6,0.8045,0.0,-1.194
seq40_set2,TTCTAGAtcacacaggaaaggcctcgATGGCGAGCTCTGAAGACGTTATCAAAGAGTTCATGCGTTTCAAAGTTCGTATGGA,ATG,27,221.3195,6,4.6633,-7.381,-12.9,0.3383,0.0,-1.194
seq41_set2,TTCTAGAtcacacaggacggccggATGGCGAGCTCTGAAGACGTTATCAAAGAGTTCATGCGTTTCAAAGTTCGTATGGA,ATG,25,586.3892,4,2.2287,-8.981,-12.4,0.0037,0.0,-1.194
seq42_set3,TTCTAGAAACAAAATGAGGAGGTACTGAGATGGCGAGCTCTGAAGACGTTATCAAAGAGTTCATGCGTTTCAAAGTTCGT,ATG,30,47221.7109,6,-8.7367,-16.081,-8.2,0.3383,0.0,-1.194
seq43_set3,TTCTAGAAAGCTGATAAGGAGGTATAACGATGGCGAGCTCTGAAGACGTTATCAAAGAGTTCATGCGTTTCAAAGTTCGT,ATG,30,37140.9215,6,-8.1367,-15.981,-8.7,0.3383,0.0,-1.194
seq44_set3,TTCTAGAACAACTTAAGGAGGTATTCATGGCGAGCTCTGAAGACGTTATCAAAGAGTTCATGCGTTTCAAAGTTCGTATG,ATG,27,29619.2253,4,-7.5713,-15.881,-9.5,0.0037,0.0,-1.194
seq45_set3,TTCTAGAAAAGTAAGGAGGTGCGGCTATGGCGAGCTCTGAAGACGTTATCAAAGAGTTCATGCGTTTCAAAGTTCGTATG,ATG,27,25907.1184,6,-7.2367,-15.881,-9.5,0.3383,0.0,-1.194
seq46_set3,TTCTAGACTGGTGAGGAGGTGAGAATGGCGAGCTCTGAAGACGTTATCAAAGAGTTCATGCGTTTCAAAGTTCGTATGGA,ATG,25,18322.9589,4,-6.3713,-15.981,-10.8,0.0037,0.0,-1.194
seq47_set3,TTCTAGAAAAGTAAGGAGGCGCGGCTATGGCGAGCTCTGAAGACGTTATCAAAGAGTTCATGCGTTTCAAAGTTCGTATG,ATG,27,15397.8298,6,-5.9367,-14.581,-9.5,0.3383,0.0,-1.194
seq48_set3,TTCTAGACACAGAAAAAGGAGGGTCGCGATGGCGAGCTCTGAAGACGTTATCAAAGAGTTCATGCGTTTCAAAGTTCGTA,ATG,29,11351.8234,5,-5.175,-15.181,-10.6,0.0,-0.6,-1.194
seq49_set3,TTCTAGAAGGAGGTTTGGAATGGCGAGCTCTGAAGACGTTATCAAAGAGTTCATGCGTTTCAAAGTTCGTATGGAAGGTT,ATG,20,8928.4605,5,-4.575,-14.881,-11.5,0.0,0.0,-1.194
seq50_set3,TTCTAGATGGGGAGTGTAAAATGGCGAGCTCTGAAGACGTTATCAAAGAGTTCATGCGTTTCAAAGTTCGTATGGAAGGT,ATG,21,7298.2871,4,-4.0713,-11.481,-8.6,0.0037,0.0,-1.194
seq51_set3,TTCTAGAGGGGGTTAACAAGATGGCGAGCTCTGAAGACGTTATCAAAGAGTTCATGCGTTTCAAAGTTCGTATGGAAGGT,ATG,21,15607.3225,7,-5.9705,-14.281,-8.7,0.8045,0.0,-1.194
seq52_set3,TTCTAGAAGCGAGGAGGCAGTCGATGGCGAGCTCTGAAGACGTTATCAAAGAGTTCATGCGTTTCAAAGTTCGTATGGAA,ATG,24,12297.8344,5,-5.375,-14.281,-10.1,0.0,0.0,-1.194
seq53_set3,TTCTAGATAGGGGGCGGTACATGGCGAGCTCTGAAGACGTTATCAAAGAGTTCATGCGTTTCAAAGTTCGTATGGAAGGT,ATG,21,4521.5877,5,-2.875,-11.781,-10.1,0.0,0.0,-1.194
seq54_set3,TTCTAGAGATAAGTGAAGGAGGCCCGGCCATGGCGAGCTCTGAAGACGTTATCAAAGAGTTCATGCGTTTCAAAGTTCGT,ATG,30,6383.6101,6,-3.7367,-14.181,-11.3,0.3383,0.0,-1.194
seq55_set3,TTCTAGAGGAGGATAACCACTATGGCGAGCTCTGAAGACGTTATCAAAGAGTTCATGCGTTTCAAAGTTCGTATGGAAGG,ATG,22,7922.4084,8,-4.2763,-14.481,-10.0,1.3987,0.0,-1.194
seq56_set3,TTCTAGAGATAAGTGAAGGAGGCCGGCCATGGCGAGCTCTGAAGACGTTATCAAAGAGTTCATGCGTTTCAAAGTTCGTA,ATG,29,3282.7583,5,-2.075,-14.181,-13.3,0.0,0.0,-1.194
seq57_set3,TTCTAGAACACTAAGGAGACCAACTTGCATGGCGAGCTCTGAAGACGTTATCAAAGAGTTCATGCGTTTCAAAGTTCGTA,TTG,25,7152.2598,4,-4.0208,-11.581,-7.6,0.0037,0.0,-0.0435
seq58_set3,TTCTAGAAAGTTAAGAGGCAAGAATGGCGAGCTCTGAAGACGTTATCAAAGAGTTCATGCGTTTCAAAGTTCGTATGGAA,ATG,24,2027.7421,4,-0.8713,-8.281,-8.6,0.0037,0.0,-1.194
seq59_set3,TTCTAGATTAACTGGGGGCTATCATGGCGAGCTCTGAAGACGTTATCAAAGAGTTCATGCGTTTCAAAGTTCGTATGGAA,ATG,24,874.9859,4,1.2287,-10.881,-13.3,0.0037,0.0,-1.194
seq60_set3,TTCTAGATGAGAATAAGGTTATGGCGAGCTCTGAAGACGTTATCAAAGAGTTCATGCGTTTCAAAGTTCGTATGGAAGGT,ATG,21,635.2563,4,2.0287,-5.281,-8.5,0.0037,0.0,-1.194
seq61_set3,TTCTAGATAAGCAGGACCGGCGGCGATGGCGAGCTCTGAAGACGTTATCAAAGAGTTCATGCGTTTCAAAGTTCGTATGG,ATG,26,652.1094,6,1.9633,-7.381,-10.2,0.3383,0.0,-1.194
seq62_set3,TTCTAGAAACCTCAAGGAATTCCCTATGGCGAGCTCTGAAGACGTTATCAAAGAGTTCATGCGTTTCAAAGTTCGTATGG,ATG,26,716.2976,4,1.7287,-7.881,-10.8,0.0037,0.0,-1.194
seq63_set3,TTCTAGAGGCGACAGGCGGATCTATCCCATGGCGAGCTCTGAAGACGTTATCAAAGAGTTCATGCGTTTCAAAGTTCGTA,ATG,29,207.4507,5,4.825,-7.481,-11.8,0.0,-1.7,-1.194
seq64_set3,TTCTAGAATAAAAAGGGACGCTAATGGCGAGCTCTGAAGACGTTATCAAAGAGTTCATGCGTTTCAAAGTTCGTATGGAA,ATG,24,454.8696,6,2.8633,-5.581,-9.3,0.3383,0.0,-1.194
seq65_set3,TTCTAGAATAGAGTCGACGCATGGCGAGCTCTGAAGACGTTATCAAAGAGTTCATGCGTTTCAAAGTTCGTATGGAAGGT,ATG,21,363.2921,5,3.425,-4.881,-9.5,0.0,0.0,-1.194
seq66_set3,TTCTAGAGAGTAATATTTCACATGGCGAGCTCTGAAGACGTTATCAAAGAGTTCATGCGTTTCAAAGTTCGTATGGAAGG,ATG,22,148.3217,6,5.6633,-3.281,-9.8,0.3383,0.0,-1.194
seq67_set3,TTCTAGACGAGCTGGTACTTAAAAACATGGCGAGCTCTGAAGACGTTATCAAAGAGTTCATGCGTTTCAAAGTTCGTATG,ATG,27,218.4583,10,4.6958,-7.481,-10.4,2.9708,0.0,-1.194
seq68_set3,TTCTAGATTCGCAGGGGGAAGATGGCGAGCTCTGAAGACGTTATCAAAGAGTTCATGCGTTTCAAAGTTCGTATGGAAGG,ATG,22,207.5583,8,4.8237,-6.581,-11.2,1.3987,0.0,-1.194
seq69_set3,TTCTAGATTTCTCCCATAATAACTCGAACCATTACCGAGCTATGGCGAGCTCTGAAGACGTTATCAAAGAGTTCATGCGTTTCAAAGTTCGTATGGAAGG,ATG,42,4.3633,11,14.4738,-0.281,-12.0,3.9488,0.0,-1.194
seq70_set3,TTCTAGAGGGAACGATTTAGGCCAATTATTAAAACCGACCCCATGGCGAGCTCTGAAGACGTTATCAAAGAGTTGAAGACGTTATCAAAGAGTTCATGCGTTTCAAAGTTCGTATGGAAGG,ATG,43,2.914,16,15.4825,-1.881,-7.8,10.7575,0.0,-1.194
seq71_set4.1,TTCTAGATTAGGCCTGATCTAAGCCATTAACTTTAGTTATGGCTGAAGCGCAAAACGATCCCCTGGCGAGCTCTGAAGACGTT,ATG,39,4.8767,10,14.1958,-3.581,-12.4,2.9708,-3.6,-1.194
seq72_set4.1,TTCTAGACCAGTCGCGTACCGCTATTGGTCCAGCTACAATGGCTGAAGCGCAAAACGATCCCCTGGCGAGCTCTGAAGACGTT,ATG,39,1.5569,3,17.0487,-11.181,-16.3,5.2237,-7.9,-1.194
seq73_set4.1,TTCTAGATTCTAaaggaggAGTCCGGGATGGCTGAAGCGCAAAATGATCCCCTGATGGCGAGCTCTGAAGACGTT,ATG,28,6734.6767,7,-3.8705,-14.081,-10.6,0.8045,0.0,-1.194
seq74_set4.1,TTCTAGAAAAGGAAGTAAAGGGGATATTAATGGCTGAAGCGCAAAACGATCCCGCCGCGAGCTCTGAAGACGTT,ATG,30,2683.3867,4,-1.5713,-11.081,-9.9,0.0037,-0.8,-1.194
seq75_set4.1,TTCTAGACGTAAATAACAATTCATTCAGTCTGAAGCTAATCAATGGCTGAAGCGCAAAACGATCCCCTGGCGAGCTCTGAAGACGTT,ATG,43,118.4606,5,6.225,0.019,-7.4,0.0,0.0,-1.194
seq76_set4.1,TTCTAGAAATATTAACCGAAAGACGGAAAACCACTTCCCCATGGCTGAAGCGCAAAACGATCCCCTGGCGAGCTCTGAAGACGTT,ATG,41,398.1908,10,3.1958,-3.581,-5.0,2.9708,0.0,-1.194
seq77_set4.1,TTCTAGACTGACACAATATACGTAGAATTGGACACCACTATGGCTGAAGCGCAAAACGATCCCCTGGCGAGCTCTGAAGACGTT,ATG,40,1798.325,4,-0.5713,-3.581,-4.2,0.0037,0.0,-1.194
seq78_set4.1,TTCTAGATATACCTATAAATCTAAGGACCTATTTTTATCTATGGCTGAAGCGCAAAACGATCCCCTGGCGAGCTCTGAAGACGTT,ATG,41,3598.1075,10,-2.3042,-7.381,-3.3,2.9708,0.0,-1.194
seq79_set4.1,TTCTAGATACCCACTTAAGGAGAGTAATATATCATGGCTGAAGCGCAAAACGATCCCCTGGCGAGCTCTGAAGACGTT,ATG,34,9592.3443,9,-4.7542,-12.081,-6.4,2.1208,0.0,-1.194
seq80_set4.1,TTCTAGACTGAAATTTACTTTGTAATAAGAGAGGAATATATGGCTGAAGCGCAAAACGATCCCCTGGCGAGCTCTGAAGACGTT,ATG,40,18350.323,5,-6.375,-9.481,-4.3,0.0,0.0,-1.194
seq81_set4.1,TTCTAGAACAACAACAAATAAGGAGTAAATAGATGGCTGAAGCGCAAAACGATCCCCTGGCGAGCTCTGAAGACGTT,ATG,33,46070.0179,5,-8.675,-11.281,-3.8,0.0,0.0,-1.194
seq82_set4.1,TTCTAGAACCCCACGACTAAACTATAAAATAAGGAGGTACGCATGGCTGAAGCGCAAAACGATCCCCTGGCGAGCTCTGAAGACGTT,ATG,43,53987.8838,4,-9.0713,-14.981,-7.1,0.0037,0.0,-1.194
seq83_set4.2,TTCTAGAGGTATTACGTTTCAGGCCAGCGTCACCCAGATCGATGTCCAGATTAGATAAAAGTAAAGTTGCGAGCTCTGAAGACG,TTG,67,574.6565,4,2.2792,-1.181,-3.5,0.0037,0.0,-0.0435
seq84_set4.2,TTCTAGACGTTACCACGTCGGCCGAAAATCGTTTCAGCTGCCATGTCCAGATTAGATAAAAGTAAAGTTGCGAGCTCTGAAGACG,TTG,68,370.0085,4,3.3792,-0.081,-3.5,0.0037,0.0,-0.0435
seq85_set4.2,TTCTAGAGTGCAtaaggagTGCTCGATGTCCAGATTAGATAAAAGTAAAGTGATGGCGAGCTCTGAAGACG,ATG,26,9658.0954,4,-4.7713,-11.281,-7.7,0.0037,0.0,-1.194
seq86_set4.2,TTCTAGATTGATAGATAAGGACAAAGTTATGTCCAGATTAGATAAAAGTAAAGTTGCGAGCTCTGAAGACG,ATG,29,2379.7906,4,-1.2713,-10.281,-8.3,0.0037,-1.9,-1.194
seq87_set4.2,TTCTAGAGTCAAGGACCTCTTGGCGGTTATCTTAAGGCACAATGTCCAGATTAGATAAAAGTAAAGTTGCGAGCTCTGAAGACG,ATG,42,215.9218,5,4.725,-5.181,-8.1,0.0,-3.0,-1.194
seq88_set4.2,TTCTAGATGACCACCATAGGTTGGATACAAATACCACAGGATGTCCAGATTAGATAAAAGTAAAGTTGCGAGCTCTGAAGACG,ATG,41,187.3499,12,5.0796,-5.981,-4.8,5.0546,-2.4,-1.194
seq89_set4.2,TTCTAGATAAGAAAACCACCCTACAAAGAAAACCCTAATTAGATGTCCAGATTAGATAAAAGTAAAGTTGCGAGCTCTGAAGACG,ATG,43,1019.9065,9,0.8458,-0.881,-0.8,2.1208,0.0,-1.194
seq90_set4.2,TTCTAGACTAGATTAGAAAGGAGGTACCACACCACAAAAGTAATGTCCAGATTAGATAAAAGTAAAGTTGCGAGCTCTGAAGACG,ATG,43,1798.8685,17,-0.572,-13.681,-1.8,12.503,0.0,-1.194
seq91_set4.2,TTCTAGATTAGACCTGACTAACAAGAGGTAGGGGGATCATATGTCCAGATTAGATAAAAGTAAAGTTGCGAGCTCTGAAGACG,ATG,41,13846.0233,4,-5.6713,-12.281,-5.7,0.0037,-2.1,-1.194
seq92_set4.2,TTCTAGAAGAACAATACAGGAGGACAATTCGCCCTATGTCCAGATTAGATAAAAGTAAAGTTGCGAGCTCTGAAGACG,ATG,36,9485.5587,11,-4.7262,-12.781,-5.3,3.9488,0.0,-1.194
seq93_set4.2,TTCTAGATAAGTCATTCACAGAACAAACACGAGGTATCATATGTCCAGATTAGATAAAAGTAAAGTTGCGAGCTCTGAAGACG,ATG,41,29663.4596,5,-7.575,-7.881,-1.5,0.0,0.0,-1.194
seq94_set5,TTCTAGAACGACTATTTTTTCCACTATTGAGGTATAAATGGCGAGCTCTGAAGACGTTATCAAAGAGTTCATGCGTTTCAAAGT,ATG,38,807.6776,4,1.4287,-7.881,-10.5,0.0037,0.0,-1.194
seq95_set5,TTCTAGAACGACTATTTTTTCCACTATTGAGGTATAAGTGAAACCAGTAACGTTATACGGCGTCGCGAGCTCTGAAGACGTTAT,GTG,38,1647.2819,4,-0.3521,-7.881,-7.6,0.0037,0.0,-0.0748
seq96_set5,TTCTAGAACACTTTACTTTTTAATTAGCAGGAGATTTAAAAAATGGCGAGCTCTGAAGACGTTATCAAAGAGTTCATGCGTTTC,ATG,43,2577.2739,7,-1.4705,-7.781,-6.7,0.8045,0.0,-1.194
seq97_set5,TTCTAGAACACTTTACTTTTTAATTAGCAGGAGATTTAAAAAGTGAAACCAGTAACGTTATACGGCGTCGCGAGCTCTGAAGAC,GTG,43,405.7645,7,3.1487,-7.781,-10.2,0.8045,0.0,-0.0748
seq98_set5,TTCTAGATTCACGTCAACATTTAAGGAGGATATCGACATGGCGAGCTCTGAAGACGTTATCAAAGAGTTCATGCGTTTCAAAGT,ATG,38,12776.7639,7,-5.4705,-13.281,-8.2,0.8045,0.0,-1.194
seq99_set5,TTCTAGATTCACGTCAACATTTAAGGAGGATATCGACGTGAAACCAGTAACGTTATACGGCGTCGCGAGCTCTGAAGACGTTAT,GTG,38,1783.9791,7,-0.5513,-13.281,-12.0,0.8045,0.0,-0.0748
seq100_set5,TTCTAGACAGAAAAAATAGAATAAGGAGGTTTCACTATCATGGCGAGCTCTGAAGACGTTATCAAAGAGTTCATGCGTTTCAAA,ATG,40,27154.6335,9,-7.3542,-14.981,-6.7,2.1208,0.0,-1.194
seq101_set5,TTCTAGACAGAAAAAATAGAATAAGGAGGTTTCACTATCGTGAAACCAGTAACGTTATACGGCGTCGCGAGCTCTGAAGACGTT,GTG,40,1571.8811,9,-0.235,-14.981,-12.7,2.1208,0.0,-0.0748
seq102_set5,TTCTAGATTCCCCCGGAAACCAATAAAAGAAGGCCATCGTCATGGCGAGCTCTGAAGACGTTATCAAAGAGTTCATGCGTTTCA,ATG,42,150.3397,7,5.6295,-5.781,-11.8,0.8045,0.0,-1.194
seq103_set5,TTCTAGATTCCCCCGGAAACCAATAAAAGAAGGCCATCGTCATGTCCAGATTAGATAAAAGTAAAGTTGCGAGCTCTGAAGACG,ATG,42,5513.2694,7,-3.3705,-5.781,-2.8,0.8045,0.0,-1.194
seq104_set5,TTCTAGATGGAGAAGCCATTAATATTAAGGAAGGTAACAATGGCGAGCTCTGAAGACGTTATCAAAGAGTTCATGCGTTTCAAA,ATG,40,3556.3289,5,-2.275,-14.081,-13.0,0.0,0.0,-1.194
seq105_set5,TTCTAGATGGAGAAGCCATTAATATTAAGGAAGGTAACAATGTCCAGATTAGATAAAAGTAAAGTTGCGAGCTCTGAAGACGTT,ATG,40,90971.2169,5,-10.375,-14.081,-4.9,0.0,0.0,-1.194
seq106_set5,TTCTAGACCCACGTACCGATTAAAGGAGGCCTAGTAATGGCGAGCTCTGAAGACGTTATCAAAGAGTTCATGCGTTTCAAAGTT,ATG,37,5439.2664,6,-3.3367,-11.981,-9.5,0.3383,0.0,-1.194
seq107_set5,TTCTAGACCCACGTACCGATTAAAGGAGGCCTAGTAATGTCCAGATTAGATAAAAGTAAAGTTGCGAGCTCTGAAGACGTTATC,ATG,37,55420.1564,6,-9.1367,-11.981,-3.7,0.3383,0.0,-1.194
seq108_set5,TTCTAGAATAACCAGGGTAATAAGGAAGTACACAGACCATGGCGAGCTCTGAAGACGTTATCAAAGAGTTCATGCGTTTCAAAG,ATG,39,559.5485,9,2.3458,-8.381,-9.8,2.1208,0.0,-1.194
seq109_set5,TTCTAGAATAACCAGGGTAATAAGGAAGTACACAGACCATGTCCAGATTAGATAAAAGTAAAGTTGCGAGCTCTGAAGACGTTA,ATG,39,19714.7779,9,-6.5542,-8.381,-0.9,2.1208,0.0,-1.194
seq110_set5,TTCTAGAAAAACACCATATAAGTACAGAGAGGTAGAATATGGCGAGCTCTGAAGACGTTATCAAAGAGTTCATGCGTTTCAAAG,ATG,39,652.1094,6,1.9633,-8.981,-11.8,0.3383,0.0,-1.194
seq111_set5,TTCTAGAAAAACACCATATAAGTACAGAGAGGTAGAATATGTCCAGATTAGATAAAAGTAAAGTTGCGAGCTCTGAAGACGTTA,ATG,39,35683.8058,6,-8.0367,-8.981,-1.8,0.3383,0.0,-1.194
seq112_set5,TTCTAGAACTGTCCATAGATTTGAAAAGACCTTATCCCATGGCGAGCTCTGAAGACGTTATCAAAGAGTTCATGCGTTTCAAAG,ATG,39,144.7043,5,5.725,-0.881,-7.8,0.0,0.0,-1.194
seq113_set5,TTCTAGAACTGTCCATAGATTTGAAAAGACCTTATCCCATGGCTGAAGCGCAAAACGATCCCCTGGCGAGCTCTGAAGACGTTA,ATG,39,461.8969,5,2.825,-0.881,-4.9,0.0,0.0,-1.194
seq114_set5,TTCTAGAAACCACACTCCGTTTTTAGTAGGAGACCAAAAATGGCGAGCTCTGAAGACGTTATCAAAGAGTTCATGCGTTTCAAA,ATG,40,363.2921,5,3.425,-8.781,-12.8,0.0,-0.6,-1.194
seq115_set5,TTCTAGAAACCACACTCCGTTTTTAGTAGGAGACCAAAAATGGCTGAAGCGCAAAACGATCCCCTGGCGAGCTCTGAAGACGTT,ATG,40,1597.2459,5,-0.275,-8.781,-9.1,0.0,-0.6,-1.194
seq116_set5,TTCTAGAAATTATAAACTTTCGGAACAAACGGAGTCATCAAATGGCGAGCTCTGAAGACGTTATCAAAGAGTTCATGCGTTTCA,ATG,42,689.2236,5,1.825,-6.181,-9.2,0.0,0.0,-1.194
seq117_set5,TTCTAGAAATTATAAACTTTCGGAACAAACGGAGTCATCAAATGGCTGAAGCGCAAAACGATCCCCTGGCGAGCTCTGAAGACG,ATG,42,3556.3289,5,-2.275,-6.181,-5.1,0.0,0.0,-1.194
seq118_set5,TTCTAGAACGATCTGCACAACTCAAAATAAGGTAGGCGGCATGGCGAGCTCTGAAGACGTTATCAAAGAGTTCATGCGTTTCAA,ATG,41,2027.7421,4,-0.8713,-9.481,-9.8,0.0037,0.0,-1.194
seq119_set5,TTCTAGAACGATCTGCACAACTCAAAATAAGGTAGGCGGCATGGCTGAAGCGCAAAACGATCCCCTGGCGAGCTCTGAAGACGT,ATG,41,7906.4942,4,-4.2713,-9.481,-6.4,0.0037,0.0,-1.194
seq120_set5,TTCTAGATTTATACATCCGACTTTAAGGAGGCGACCTCATGGCGAGCTCTGAAGACGTTATCAAAGAGTTCATGCGTTTCAAAG,ATG,39,9525.3607,6,-4.7367,-13.281,-9.4,0.3383,0.0,-1.194
seq121_set5,TTCTAGATTTATACATCCGACTTTAAGGAGGCGACCTCATGGCTGAAGCGCAAAACGATCCCCTGGCGAGCTCTGAAGACGTTA,ATG,39,37140.9215,6,-8.1367,-13.281,-6.0,0.3383,0.0,-1.194
seq122_set6,TTCTAGAAAAGTAAGGAGGCGATGGC GAGCTCTGAAGACGTTATCAAAGAGTTCATGCGTTTCAAAGTTCGTATGGA,ATG,22,15.1012,1,11.3716,-14.581,-10.0,17.1466,0.0,-1.194
seq123_set6,TTCTAGAAAAGTAAGGAGGCGCATGGC GAGCTCTGAAGACGTTATCAAAGAGTTCATGCGTTTCAAAGTTCGTATGGA,ATG,23,21.0807,2,10.5381,-14.581,-9.9,16.4131,0.0,-1.194
seq124_set6,TTCTAGAAAAGTAAGGAGGCGCGATGGC GAGCTCTGAAGACGTTATCAAAGAGTTCATGCGTTTCAAAGTTCGTATGGA,ATG,24,1646.7825,3,-0.3513,-14.581,-10.2,5.2237,0.0,-1.194
seq125_set6,TTCTAGAAAAGTAAGGAGGCGCGGCATGGC GAGCTCTGAAGACGTTATCAAAGAGTTCATGCGTTTCAAAGTTCGTATGGA,ATG,26,13866.7014,5,-5.675,-14.581,-10.1,0.0,0.0,-1.194
seq126_set6,TTCTAGAAAAGTAAGGAGGCGCGGCTAATGGC GAGCTCTGAAGACGTTATCAAAGAGTTCATGCGTTTCAAAGTTCGTATGGA,ATG,28,10459.558,7,-4.9705,-14.581,-10.0,0.8045,0.0,-1.194
seq127_set6,TTCTAGAAAAGTAAGGAGGCGCGGCTAAATGGC GAGCTCTGAAGACGTTATCAAAGAGTTCATGCGTTTCAAAGTTCGTATGGA,ATG,29,8245.9127,8,-4.3763,-14.581,-10.0,1.3987,0.0,-1.194
seq128_set6,TTCTAGAAAAGTAAGGAGGCGCGGCTAAATCTATGGC GAGCTCTGAAGACGTTATCAAAGAGTTCATGCGTTTCAAAGTTCGTATGGA,ATG,33,1180.8717,12,0.4796,-14.581,-11.2,5.0546,0.0,-1.194
seq129_set6,TTCTAGAAAAGTAAGGAGGCGCGGCTAAATCTTCATGGC GAGCTCTGAAGACGTTATCAAAGAGTTCATGCGTTTCAAAGTTCGTATGGA,ATG,35,434.9502,14,2.9752,-14.581,-11.1,7.6502,0.0,-1.194
seq130_set6,TTCTAGAAAAGTAAGGAGGCGCGGCTAAATCTTCTATGGC GAGCTCTGAAGACGTTATCAAAGAGTTCATGCGTTTCAAAGTTCGTATGGA,ATG,36,270.1828,15,4.1649,-14.581,-10.8,9.1399,0.0,-1.194
seq131_set6,TTCTAGAAAAGTAAGGAGGCGCGGCTAAATCTTCTTATGGC GAGCTCTGAAGACGTTATCAAAGAGTTCATGCGTTTCAAAGTTCGTATGGA,ATG,37,54.1177,16,8.1825,-13.281,-11.9,10.7575,0.0,-1.194
seq132_set6,TTCTAGAAAAGTAAGGAGGCGCGGCTAAATCTTCTTATC ATGGC GAGCTCTGAAGACGTTATCAAAGAGTTCATGCGTTTCAAAGTTCGTATGGA,ATG,40,5.7074,19,13.8028,-13.281,-11.9,16.3778,0.0,-1.194
